// Jest Snapshot v1, https://goo.gl/fbAQLP

exports[`render checkbox 1`] = `ShallowWrapper {}`;

exports[`test onchange event 1`] = `ShallowWrapper {}`;

exports[`test onchange event 2`] = `ShallowWrapper {}`;
